// Jest Snapshot v1, https://goo.gl/fbAQLP

exports[`ClickOptions component Renders on screen 1`] = `
<div>
  <ul>
    <li>
      <button>
        Heli
      </button>
    </li>
    <li>
      <button>
        Poli
      </button>
    </li>
    <li>
      <button>
        Luffy
      </button>
    </li>
  </ul>
</div>
`;
