// Jest Snapshot v1, https://goo.gl/fbAQLP

exports[`FrontPage component Renders on screen 1`] = `
<div>
  <main
    id="FrontPage"
  >
    <div
      id="hContainer"
    >
      <h1>
        Seek
      </h1>
      <h1>
        &
      </h1>
      <h1>
        Click
      </h1>
    </div>
    <a
      href="/game"
    >
      <button>
        Play!
      </button>
    </a>
    <video
      autoplay=""
      loop=""
      width="400px"
    >
      <source
        data-testid="vidSrc"
        type="video/webm"
      />
    </video>
    <p>
      -----&gt;  
      <a
        class="version"
        href="/kids"
      >
        Kids ver.
      </a>
    </p>
  </main>
</div>
`;
