// Jest Snapshot v1, https://goo.gl/fbAQLP

exports[`Game component Renders on screen 1`] = `
<div>
  <main
    id="game"
  >
    <header>
      <div
        class="timer"
      >
        <p>
          0
          m
        </p>
        <p>
          0
          s
        </p>
        <p>
          0
          ms
        </p>
      </div>
      <ul />
    </header>
    <section
      id="loading"
    >
      <h1>
        Loading.
      </h1>
    </section>
  </main>
</div>
`;
