// Jest Snapshot v1, https://goo.gl/fbAQLP

exports[`Home component Renders on screen 1`] = `
<div>
  <header>
    <a
      href="/photo-tagging-app"
    >
      Home
    </a>
    <a
      href="/leaderboard"
    >
      Leaderboard
    </a>
  </header>
  <footer>
    <a
      href="https://github.com/RhazzXIX"
    >
      <img
        alt="GitHub"
        src="gitW.png"
      />
    </a>
  </footer>
</div>
`;
