// Jest Snapshot v1, https://goo.gl/fbAQLP

exports[`Leaderboard component Renders on screen 1`] = `
<div>
  <main
    id="leaderBoard"
  >
    <header>
      <button
        data-game="Anime Crossover"
      >
        <img
          alt="Anime Crossover"
          data-game="Anime Crossover"
          src="mini url 1"
        />
      </button>
      <button
        data-game="Game Crossover"
      >
        <img
          alt="Game Crossover"
          data-game="Game Crossover"
          src="mini url 2"
        />
      </button>
    </header>
    <h1>
      Anime Crossover
    </h1>
    <section
      class="list"
    >
      <h4>
        Rank:
      </h4>
      <h4>
        Name:
      </h4>
      <h4>
        Time:
      </h4>
      <ol />
    </section>
  </main>
</div>
`;
