// Jest Snapshot v1, https://goo.gl/fbAQLP

exports[`Selection component Renders on screen 1`] = `
<div>
  <main
    id="selection"
  >
    <div
      class="card"
    >
      <ul>
        <li>
          <img
            alt="Yato \\"Yaboku\\""
            class="chars"
            src="yato url"
          />
          <p>
            Yato "Yaboku"
          </p>
        </li>
        <li>
          <img
            alt="ELUCIA\\""
            class="chars"
            src="elucia url"
          />
          <p>
            ELUCIA"
          </p>
        </li>
        <li>
          <img
            alt="EVANS\\""
            class="chars"
            src="evans url"
          />
          <p>
            EVANS"
          </p>
        </li>
      </ul>
      <img
        alt="Anime Crossover"
        src="mini url 1"
      />
      <a
        href="/anime"
      >
        <button>
          Anime Crossover
        </button>
      </a>
    </div>
    <div
      class="card"
    >
      <ul>
        <li>
          <img
            alt="Spyro"
            class="chars"
            src="spyro url"
          />
          <p>
            Spyro
          </p>
        </li>
        <li>
          <img
            alt="Arthur\\""
            class="chars"
            src="arthur url"
          />
          <p>
            Arthur"
          </p>
        </li>
        <li>
          <img
            alt="Marco\\""
            class="chars"
            src="marco url"
          />
          <p>
            Marco"
          </p>
        </li>
      </ul>
      <img
        alt="Game Crossover"
        src="mini url 2"
      />
      <a
        href="/game"
      >
        <button>
          Game Crossover
        </button>
      </a>
    </div>
  </main>
</div>
`;
